/*
Tests that when multiple roles are subscribed to the same table, a WAL record
is split into 2 rows so permissions can be handled independently

The authenticated role has limited access to `public.notes` and has one field
redacted in the output.
*/
select 1 from pg_create_logical_replication_slot('realtime', 'wal2json', false);
 ?column? 
----------
        1
(1 row)

create table public.notes(
    id int primary key,
    body text
);
revoke select on public.notes from authenticated;
grant select (id) on public.notes to authenticated;
insert into realtime.subscription(subscription_id, entity, claims)
select
    seed_uuid(a.ix::int),
    'public.notes',
    jsonb_build_object(
        'role', role_name,
        'email', 'example@example.com',
        'sub', seed_uuid(3)::text
    )
from
    unnest(
        array['authenticated', 'postgres']
    ) with ordinality a(role_name, ix);
insert into public.notes(id, body) values (1, 'hello');
select
    rec,
    is_rls_enabled,
    subscription_ids,
    errors
from
   walrus;
                        rec                         | is_rls_enabled |            subscription_ids            | errors 
----------------------------------------------------+----------------+----------------------------------------+--------
 {                                                 +| f              | {f4539ebe-c779-5788-bbc1-2421ffaa8954} | {}
     "type": "INSERT",                             +|                |                                        | 
     "table": "notes",                             +|                |                                        | 
     "record": {                                   +|                |                                        | 
         "id": 1                                   +|                |                                        | 
     },                                            +|                |                                        | 
     "schema": "public",                           +|                |                                        | 
     "columns": [                                  +|                |                                        | 
         {                                         +|                |                                        | 
             "name": "id",                         +|                |                                        | 
             "type": "int4"                        +|                |                                        | 
         }                                         +|                |                                        | 
     ],                                            +|                |                                        | 
     "commit_timestamp": "2000-01-01T08:01:01.000Z"+|                |                                        | 
 }                                                  |                |                                        | 
 {                                                 +| f              | {5211e8ec-8c25-5c7f-9b03-6ff1eac0159e} | {}
     "type": "INSERT",                             +|                |                                        | 
     "table": "notes",                             +|                |                                        | 
     "record": {                                   +|                |                                        | 
         "id": 1,                                  +|                |                                        | 
         "body": "hello"                           +|                |                                        | 
     },                                            +|                |                                        | 
     "schema": "public",                           +|                |                                        | 
     "columns": [                                  +|                |                                        | 
         {                                         +|                |                                        | 
             "name": "id",                         +|                |                                        | 
             "type": "int4"                        +|                |                                        | 
         },                                        +|                |                                        | 
         {                                         +|                |                                        | 
             "name": "body",                       +|                |                                        | 
             "type": "text"                        +|                |                                        | 
         }                                         +|                |                                        | 
     ],                                            +|                |                                        | 
     "commit_timestamp": "2000-01-01T08:01:01.000Z"+|                |                                        | 
 }                                                  |                |                                        | 
(2 rows)

drop table public.notes;
select pg_drop_replication_slot('realtime');
 pg_drop_replication_slot 
--------------------------
 
(1 row)

truncate table realtime.subscription;
